(---------------------------------------------------------------------)
(                                                                     )
(    Allegro Netrev Import Logic                                      )
(                                                                     )
(    Drawing          : D1S_NEFU_V1_0.brd                             )
(    Software Version : 17.4S039                                      )
(    Date/Time        : Tue Jan 14 08:31:56 2025                      )
(                                                                     )
(---------------------------------------------------------------------)


------ Directives ------------

Ripup etch:                  No
Ripup delete first segment:  No
Ripup retain bondwire:       No
Ripup symbols:               Always
Missing symbol has error:    No
DRC update:                  Yes
Schematic directory:         'C:/Users/hhp/Desktop/d1s_nefu_hardware/project/allegro'
Design Directory:            'C:/Users/hhp/Desktop/d1s_nefu_hardware/project'
Old design name:             'C:/Users/hhp/Desktop/d1s_nefu_hardware/project/D1S_NEFU_V1_0.brd'
New design name:             'C:/Users/hhp/Desktop/d1s_nefu_hardware/project/D1S_NEFU_V1_0.brd'

CmdLine: netrev -$ -i C:/Users/hhp/Desktop/d1s_nefu_hardware/project/allegro -y 1 -h -q netrev_constraint_report.xml C:/Users/hhp/Desktop/d1s_nefu_hardware/project/#Taaaaaq00704.tmp

------ Preparing to read pst files ------

Starting to read C:/Users/hhp/Desktop/d1s_nefu_hardware/project/allegro/pstchip.dat 
   Finished reading C:/Users/hhp/Desktop/d1s_nefu_hardware/project/allegro/pstchip.dat (00:00:00.01)
Starting to read C:/Users/hhp/Desktop/d1s_nefu_hardware/project/allegro/pstxprt.dat 
   Finished reading C:/Users/hhp/Desktop/d1s_nefu_hardware/project/allegro/pstxprt.dat (00:00:00.00)
Starting to read C:/Users/hhp/Desktop/d1s_nefu_hardware/project/allegro/pstxnet.dat 
   Finished reading C:/Users/hhp/Desktop/d1s_nefu_hardware/project/allegro/pstxnet.dat (00:00:00.00)

------ Oversights/Warnings/Errors ------


------ Library Paths ------
MODULEPATH =  . 
           C:/Cadence/SPB_17.4/share/local/pcb/modules 

PSMPATH =  . 
           symbols 
           .. 
           ../symbols 
           C:/Cadence/SPB_17.4/share/local/pcb/symbols 
           C:/Cadence/SPB_17.4/share/pcb/pcb_lib/symbols 
           C:/Cadence/SPB_17.4/share/pcb/allegrolib/symbols 
           C:/Users/hhp/Desktop/d1s_nefu_hardware/project/pcb_lib 

PADPATH =  . 
           symbols 
           .. 
           ../symbols 
           C:/Cadence/SPB_17.4/share/local/pcb/padstacks 
           C:/Cadence/SPB_17.4/share/pcb/pcb_lib/symbols 
           C:/Cadence/SPB_17.4/share/pcb/allegrolib/symbols 
           C:/Users/hhp/Desktop/d1s_nefu_hardware/project/pcb_lib 


------ Summary Statistics ------


netrev run on Jan 14 8:31:56 2025
   DESIGN NAME : 'D1S_NEFU_V1_0'
   PACKAGING ON Nov  3 2023 23:54:18

   COMPILE 'logic'
   CHECK_PIN_NAMES OFF
   CROSS_REFERENCE OFF
   FEEDBACK OFF
   INCREMENTAL OFF
   INTERFACE_TYPE PHYSICAL
   MAX_ERRORS 500
   MERGE_MINIMUM 5
   NET_NAME_CHARS '#%&()*+-./:=>?@[]^_`|'
   NET_NAME_LENGTH 24
   OVERSIGHTS ON
   REPLACE_CHECK OFF
   SINGLE_NODE_NETS ON
   SPLIT_MINIMUM 0
   SUPPRESS   20
   WARNINGS ON

 No error detected
 No oversight detected
 No warning detected

cpu time      0:00:43
elapsed time  0:00:00

